[['hello', 'world!'], ['what', 'is', 'the', 'weather', 'likke', 'out', 'there?'], ['are', 'you', 'ok?'], ["wht's", "today's", 'date?'], ['excuse', 'me!']]
Hello World! 
What Is The Weather Likke Out There? 
Are You Ok? 
Wht's Today's Date? 
Excuse Me! 
